<html>
<body>
<pre>
<h1>µVision Build Log</h1>
<h2>Tool Versions:</h2>
IDE-Version: µVision V5.31.0.0
Copyright (C) 2020 ARM Ltd and ARM Germany GmbH. All rights reserved.
License Information: ECBME Dept. Ryerson University Flex license: MDK Professional 5.31 (Flex): 200 user(s) (mdk_pro) Operation stops: 21 Jun 2024
 
Tool Versions:
Toolchain:       MDK Professional 5.31 (Flex): 200 user(s)  Version: 5.31.0.0
Toolchain Path:  C:\Keil_v5\ARM\ARMCC\Bin
C Compiler:      Armcc.exe V5.06 update 6 (build 750)
Assembler:       Armasm.exe V5.06 update 6 (build 750)
Linker/Locator:  ArmLink.exe V5.06 update 6 (build 750)
Library Manager: ArmAr.exe V5.06 update 6 (build 750)
Hex Converter:   FromElf.exe V5.06 update 6 (build 750)
CPU DLL:         SARMCM3.DLL V5.31.0.0
Dialog DLL:      DARMP1.DLL V1.27.0.0
Target DLL:      UL2CM3.DLL V1.163.4.0
Dialog DLL:      TARMP1.DLL V1.26.0.0
 
<h2>Project:</h2>
S:\coe718\Project\Blinky.uvprojx
Project File Date:  11/17/2023

<h2>Output:</h2>
*** Using Compiler 'V5.06 update 6 (build 750)', folder: 'C:\Keil_v5\ARM\ARMCC\Bin'
Rebuild target 'LPC1768 Flash'
assembling startup_LPC17xx.s...
compiling system_LPC17xx.c...
compiling core_cm3.c...
compiling Blinky.c...
compiling IRQ.c...
compiling GLCD_SPI_LPC1700.c...
compiling LED.c...
compiling usbcore.c...
compiling usbdesc.c...
compiling usbdmain.c...
compiling usbhw.c...
compiling usbuser.c...
compiling adcuser.c...
compiling KBD.c...
compiling snake.c...
compiling gallery.c...
compiling music_waves.c...
music_waves.c(7): warning:  #177-D: variable "MUSIC_WAVES_pixel_data"  was declared but never referenced
  static const unsigned char MUSIC_WAVES_pixel_data[320 * 92 * 2 + 1] =
music_waves.c: 1 warning, 0 errors
compiling csgo_logo.c...
csgo_logo.c(7): warning:  #177-D: variable "CSGO_LOGO_pixel_data"  was declared but never referenced
  static const unsigned char CSGO_LOGO_pixel_data[160 * 90 * 2 + 1] =
csgo_logo.c: 1 warning, 0 errors
compiling valorant_logo.c...
valorant_logo.c(7): warning:  #177-D: variable "VALORANT_LOGO_pixel_data"  was declared but never referenced
  static const unsigned char VALORANT_LOGO_pixel_data[160 * 90 * 2 + 1] =
valorant_logo.c: 1 warning, 0 errors
compiling cod_logo.c...
cod_logo.c(7): warning:  #177-D: variable "GIMP_IMAGE_pixel_data"  was declared but never referenced
  static const unsigned char GIMP_IMAGE_pixel_data[160 * 99 * 2 + 1] =
cod_logo.c: 1 warning, 0 errors
compiling david.c...
david.c(7): warning:  #177-D: variable "DAVID_pixel_data"  was declared but never referenced
  static const unsigned char DAVID_pixel_data[160 * 166 * 2 + 1] =
david.c: 1 warning, 0 errors
linking...
Program Size: Code=14418 RO-data=208170 RW-data=172 ZI-data=2068  
".\Flash\Blinky.axf" - 0 Error(s), 5 Warning(s).

<h2>Software Packages used:</h2>

Package Vendor: Keil
                http://www.keil.com/pack/Keil.LPC1700_DFP.2.6.0.pack
                Keil.LPC1700_DFP.2.6.0
                NXP LPC1700 Series Device Support, Drivers and Examples for MCB1700 and LPC1788-32

<h2>Collection of Component include folders:</h2>
  C:\Users\ECBME\AppData\Local\Arm\Packs\Keil\LPC1700_DFP\2.6.0\Device\Include

<h2>Collection of Component Files used:</h2>
Build Time Elapsed:  00:00:07
</pre>
</body>
</html>
